13:52:36 **** Incremental Build of configuration Debug for project nucleo-H753ZI_TemplateAutoware_Serial ****
make -j48 all 
docker pull microros/micro_ros_static_library_builder:humble && docker run --rm -v /home/toffanetto/microAutoware/2025-microAutoware/src/ws/nucleo-H753ZI_TemplateAutoware_Serial:/project --env MICROROS_LIBRARY_FOLDER=microautoware_vehicle_inferface_stm32/microros_static_library_ide microros/micro_ros_static_library_builder:humble
humble: Pulling from microros/micro_ros_static_library_builder
Digest: sha256:83ab4e8ce95b2a62feb5dd270ad4460218d2d026a455ea32a5873cf629aa1e99
Status: Image is up to date for microros/micro_ros_static_library_builder:humble
docker.io/microros/micro_ros_static_library_builder:humble
dos2unix: converting file /project/microautoware_vehicle_inferface_stm32/microros_static_library_ide/library_generation/library_generation.sh to Unix format...
micro-ROS library found. Skipping...
Delete microautoware_vehicle_inferface_stm32/microros_static_library_ide/libmicroautoware/ for rebuild.
 
arm-none-eabi-gcc "../Core/Src/microAutoware.c" -mcpu=cortex-m7 -std=gnu11 -g3 -DDEBUG -DUSE_HAL_DRIVER -DSTM32H753xx -c -I../Core/Inc -I../microautoware_vehicle_inferface_stm32/microros_static_library_ide/libmicroautoware/include -I../Drivers/STM32H7xx_HAL_Driver/Inc -I../Drivers/STM32H7xx_HAL_Driver/Inc/Legacy -I../Drivers/CMSIS/Device/ST/STM32H7xx/Include -I../Drivers/CMSIS/Include -I../Middlewares/Third_Party/FreeRTOS/Source/include -I../Middlewares/Third_Party/FreeRTOS/Source/CMSIS_RTOS_V2 -I../Middlewares/Third_Party/FreeRTOS/Source/portable/GCC/ARM_CM4F -O0 -ffunction-sections -fdata-sections -Wall -fstack-usage -fcyclomatic-complexity -MMD -MP -MF"Core/Src/microAutoware.d" -MT"Core/Src/microAutoware.o" --specs=nano.specs -mfpu=fpv5-d16 -mfloat-abi=hard -mthumb -o "Core/Src/microAutoware.o"
../Core/Src/microAutoware.c: In function 'StartMicroAutoware':
../Core/Src/microAutoware.c:285:120: warning: passing argument 5 of 'rclc_executor_add_service' from incompatible pointer type [-Wincompatible-pointer-types]
  285 |   rclc_executor_add_service(&executor, &control_mode_server_, &control_mode_request_msg_, &control_mode_response_msg_, control_mode_cmd_callback);
      |                                                                                                                        ^~~~~~~~~~~~~~~~~~~~~~~~~
      |                                                                                                                        |
      |                                                                                                                        void (*)(const void *, autoware_auto_vehicle_msgs__srv__ControlModeCommand_Response *)
In file included from ../Core/Inc/microAutoware.h:23,
                 from ../Core/Src/microAutoware.c:14:
../microautoware_vehicle_inferface_stm32/microros_static_library_ide/libmicroautoware/include/rclc/executor.h:401:27: note: expected 'rclc_service_callback_t' {aka 'void (*)(const void *, void *)'} but argument is of type 'void (*)(const void *, autoware_auto_vehicle_msgs__srv__ControlModeCommand_Response *)'
  401 |   rclc_service_callback_t callback);
      |   ~~~~~~~~~~~~~~~~~~~~~~~~^~~~~~~~
../Core/Src/microAutoware.c:298:13: warning: unused variable 'xPingResult' [-Wunused-variable]
  298 |   rmw_ret_t xPingResult = rmw_uros_ping_agent(1000, 20);
      |             ^~~~~~~~~~~
../Core/Src/microAutoware.c:158:19: warning: variable 'freeRTOS_allocator' set but not used [-Wunused-but-set-variable]
  158 |   rcl_allocator_t freeRTOS_allocator = rcutils_get_zero_initialized_allocator();
      |                   ^~~~~~~~~~~~~~~~~~
../Core/Src/microAutoware.c:127:56: warning: unused variable 'steering_wheel_status_msg_' [-Wunused-variable]
  127 |   tier4_vehicle_msgs__msg__SteeringWheelStatusStamped  steering_wheel_status_msg_;
      |                                                        ^~~~~~~~~~~~~~~~~~~~~~~~~~
../Core/Src/microAutoware.c:126:52: warning: unused variable 'actuation_status_msg_' [-Wunused-variable]
  126 |   tier4_vehicle_msgs__msg__ActuationStatusStamped  actuation_status_msg_;
      |                                                    ^~~~~~~~~~~~~~~~~~~~~
../Core/Src/microAutoware.c:125:55: warning: unused variable 'hazard_lights_status_msg_' [-Wunused-variable]
  125 |   autoware_auto_vehicle_msgs__msg__HazardLightsReport hazard_lights_status_msg_;
      |                                                       ^~~~~~~~~~~~~~~~~~~~~~~~~
../Core/Src/microAutoware.c:124:57: warning: unused variable 'turn_indicators_status_msg_' [-Wunused-variable]
  124 |   autoware_auto_vehicle_msgs__msg__TurnIndicatorsReport turn_indicators_status_msg_;
      |                                                         ^~~~~~~~~~~~~~~~~~~~~~~~~~~
../Core/Src/microAutoware.c:122:47: warning: unused variable 'gear_status_msg_' [-Wunused-variable]
  122 |   autoware_auto_vehicle_msgs__msg__GearReport gear_status_msg_;
      |                                               ^~~~~~~~~~~~~~~~
../Core/Src/microAutoware.c:114:52: warning: unused variable 'emergency_msg_' [-Wunused-variable]
  114 |   tier4_vehicle_msgs__msg__VehicleEmergencyStamped emergency_msg_;
      |                                                    ^~~~~~~~~~~~~~
../Core/Src/microAutoware.c:113:52: warning: unused variable 'actuation_cmd_msg_' [-Wunused-variable]
  113 |   tier4_vehicle_msgs__msg__ActuationCommandStamped actuation_cmd_msg_;
      |                                                    ^~~~~~~~~~~~~~~~~~
../Core/Src/microAutoware.c:112:56: warning: unused variable 'hazard_lights_cmd_msg_' [-Wunused-variable]
  112 |   autoware_auto_vehicle_msgs__msg__HazardLightsCommand hazard_lights_cmd_msg_;
      |                                                        ^~~~~~~~~~~~~~~~~~~~~~
../Core/Src/microAutoware.c:111:58: warning: unused variable 'turn_indicators_cmd_msg_' [-Wunused-variable]
  111 |   autoware_auto_vehicle_msgs__msg__TurnIndicatorsCommand turn_indicators_cmd_msg_;
      |                                                          ^~~~~~~~~~~~~~~~~~~~~~~~
../Core/Src/microAutoware.c:109:48: warning: unused variable 'gear_cmd_msg_' [-Wunused-variable]
  109 |   autoware_auto_vehicle_msgs__msg__GearCommand gear_cmd_msg_;
      |                                                ^~~~~~~~~~~~~
../Core/Src/microAutoware.c:340:5: warning: ignoring return value of 'rcl_publish' declared with attribute 'warn_unused_result' [-Wunused-result]
  340 |     rcl_publish(&control_mode_pub_, &control_mode_msg_, NULL);
      |     ^~~~~~~~~~~~~~~~~~~~~~~~~~~~~~~~~~~~~~~~~~~~~~~~~~~~~~~~~
../Core/Src/microAutoware.c:401:7: warning: ignoring return value of 'rcl_publish' declared with attribute 'warn_unused_result' [-Wunused-result]
  401 |       rcl_publish(&vehicle_twist_pub_, &vehicle_twist_msg_, NULL);
      |       ^~~~~~~~~~~~~~~~~~~~~~~~~~~~~~~~~~~~~~~~~~~~~~~~~~~~~~~~~~~
../Core/Src/microAutoware.c:402:7: warning: ignoring return value of 'rcl_publish' declared with attribute 'warn_unused_result' [-Wunused-result]
  402 |       rcl_publish(&steering_status_pub_, &steering_status_msg_, NULL);
      |       ^~~~~~~~~~~~~~~~~~~~~~~~~~~~~~~~~~~~~~~~~~~~~~~~~~~~~~~~~~~~~~~
../Core/Src/microAutoware.c:411:3: warning: ignoring return value of 'rcl_timer_fini' declared with attribute 'warn_unused_result' [-Wunused-result]
  411 |   rcl_timer_fini(&timer_watchdog_agent);
      |   ^~~~~~~~~~~~~~~~~~~~~~~~~~~~~~~~~~~~~
../Core/Src/microAutoware.c:412:3: warning: ignoring return value of 'rcl_publisher_fini' declared with attribute 'warn_unused_result' [-Wunused-result]
  412 |   rcl_publisher_fini(&control_mode_pub_, &VehicleInterfaceNode);
      |   ^~~~~~~~~~~~~~~~~~~~~~~~~~~~~~~~~~~~~~~~~~~~~~~~~~~~~~~~~~~~~
../Core/Src/microAutoware.c:413:3: warning: ignoring return value of 'rcl_publisher_fini' declared with attribute 'warn_unused_result' [-Wunused-result]
  413 |   rcl_publisher_fini(&vehicle_twist_pub_, &VehicleInterfaceNode);
      |   ^~~~~~~~~~~~~~~~~~~~~~~~~~~~~~~~~~~~~~~~~~~~~~~~~~~~~~~~~~~~~~
../Core/Src/microAutoware.c:414:3: warning: ignoring return value of 'rcl_publisher_fini' declared with attribute 'warn_unused_result' [-Wunused-result]
  414 |   rcl_publisher_fini(&steering_status_pub_, &VehicleInterfaceNode);
      |   ^~~~~~~~~~~~~~~~~~~~~~~~~~~~~~~~~~~~~~~~~~~~~~~~~~~~~~~~~~~~~~~~
../Core/Src/microAutoware.c:415:3: warning: ignoring return value of 'rcl_publisher_fini' declared with attribute 'warn_unused_result' [-Wunused-result]
  415 |   rcl_publisher_fini(&gear_status_pub_, &VehicleInterfaceNode);
      |   ^~~~~~~~~~~~~~~~~~~~~~~~~~~~~~~~~~~~~~~~~~~~~~~~~~~~~~~~~~~~
../Core/Src/microAutoware.c:416:3: warning: ignoring return value of 'rcl_publisher_fini' declared with attribute 'warn_unused_result' [-Wunused-result]
  416 |   rcl_publisher_fini(&turn_indicators_status_pub_, &VehicleInterfaceNode);
      |   ^~~~~~~~~~~~~~~~~~~~~~~~~~~~~~~~~~~~~~~~~~~~~~~~~~~~~~~~~~~~~~~~~~~~~~~
../Core/Src/microAutoware.c:417:3: warning: ignoring return value of 'rcl_publisher_fini' declared with attribute 'warn_unused_result' [-Wunused-result]
  417 |   rcl_publisher_fini(&hazard_lights_status_pub_, &VehicleInterfaceNode);
      |   ^~~~~~~~~~~~~~~~~~~~~~~~~~~~~~~~~~~~~~~~~~~~~~~~~~~~~~~~~~~~~~~~~~~~~
../Core/Src/microAutoware.c:418:3: warning: ignoring return value of 'rcl_publisher_fini' declared with attribute 'warn_unused_result' [-Wunused-result]
  418 |   rcl_publisher_fini(&actuation_status_pub_, &VehicleInterfaceNode);
      |   ^~~~~~~~~~~~~~~~~~~~~~~~~~~~~~~~~~~~~~~~~~~~~~~~~~~~~~~~~~~~~~~~~
../Core/Src/microAutoware.c:419:3: warning: ignoring return value of 'rcl_publisher_fini' declared with attribute 'warn_unused_result' [-Wunused-result]
  419 |   rcl_publisher_fini(&steering_wheel_status_pub_, &VehicleInterfaceNode);
      |   ^~~~~~~~~~~~~~~~~~~~~~~~~~~~~~~~~~~~~~~~~~~~~~~~~~~~~~~~~~~~~~~~~~~~~~
../Core/Src/microAutoware.c:420:3: warning: ignoring return value of 'rcl_subscription_fini' declared with attribute 'warn_unused_result' [-Wunused-result]
  420 |   rcl_subscription_fini(&clock_sub_, &VehicleInterfaceNode);
      |   ^~~~~~~~~~~~~~~~~~~~~~~~~~~~~~~~~~~~~~~~~~~~~~~~~~~~~~~~~
../Core/Src/microAutoware.c:421:3: warning: ignoring return value of 'rcl_subscription_fini' declared with attribute 'warn_unused_result' [-Wunused-result]
  421 |   rcl_subscription_fini(&control_cmd_sub_, &VehicleInterfaceNode);
      |   ^~~~~~~~~~~~~~~~~~~~~~~~~~~~~~~~~~~~~~~~~~~~~~~~~~~~~~~~~~~~~~~
../Core/Src/microAutoware.c:422:3: warning: ignoring return value of 'rcl_subscription_fini' declared with attribute 'warn_unused_result' [-Wunused-result]
  422 |   rcl_subscription_fini(&gear_cmd_sub_, &VehicleInterfaceNode);
      |   ^~~~~~~~~~~~~~~~~~~~~~~~~~~~~~~~~~~~~~~~~~~~~~~~~~~~~~~~~~~~
../Core/Src/microAutoware.c:423:3: warning: ignoring return value of 'rcl_subscription_fini' declared with attribute 'warn_unused_result' [-Wunused-result]
  423 |   rcl_subscription_fini(&turn_indicators_cmd_sub_, &VehicleInterfaceNode);
      |   ^~~~~~~~~~~~~~~~~~~~~~~~~~~~~~~~~~~~~~~~~~~~~~~~~~~~~~~~~~~~~~~~~~~~~~~
../Core/Src/microAutoware.c:424:3: warning: ignoring return value of 'rcl_subscription_fini' declared with attribute 'warn_unused_result' [-Wunused-result]
  424 |   rcl_subscription_fini(&hazard_lights_cmd_sub_, &VehicleInterfaceNode);
      |   ^~~~~~~~~~~~~~~~~~~~~~~~~~~~~~~~~~~~~~~~~~~~~~~~~~~~~~~~~~~~~~~~~~~~~
../Core/Src/microAutoware.c:425:3: warning: ignoring return value of 'rcl_subscription_fini' declared with attribute 'warn_unused_result' [-Wunused-result]
  425 |   rcl_subscription_fini(&actuation_cmd_sub_, &VehicleInterfaceNode);
      |   ^~~~~~~~~~~~~~~~~~~~~~~~~~~~~~~~~~~~~~~~~~~~~~~~~~~~~~~~~~~~~~~~~
../Core/Src/microAutoware.c:426:3: warning: ignoring return value of 'rcl_subscription_fini' declared with attribute 'warn_unused_result' [-Wunused-result]
  426 |   rcl_subscription_fini(&emergency_sub_, &VehicleInterfaceNode);
      |   ^~~~~~~~~~~~~~~~~~~~~~~~~~~~~~~~~~~~~~~~~~~~~~~~~~~~~~~~~~~~~
../Core/Src/microAutoware.c:427:3: warning: ignoring return value of 'rcl_service_fini' declared with attribute 'warn_unused_result' [-Wunused-result]
  427 |   rcl_service_fini(&control_mode_server_, &VehicleInterfaceNode);
      |   ^~~~~~~~~~~~~~~~~~~~~~~~~~~~~~~~~~~~~~~~~~~~~~~~~~~~~~~~~~~~~~
arm-none-eabi-gcc -o "nucleo-H753ZI_TemplateAutoware_Serial.elf" @"objects.list"  -lmicroautoware -mcpu=cortex-m7 -T"/home/toffanetto/microAutoware/2025-microAutoware/src/ws/nucleo-H753ZI_TemplateAutoware_Serial/STM32H753ZITX_FLASH.ld" --specs=nosys.specs -Wl,-Map="nucleo-H753ZI_TemplateAutoware_Serial.map" -Wl,--gc-sections -static -L../microautoware_vehicle_inferface_stm32/microros_static_library_ide/libmicroautoware --specs=nano.specs -mfpu=fpv5-d16 -mfloat-abi=hard -mthumb -Wl,--start-group -lc -lm -Wl,--end-group
/opt/st/stm32cubeide_1.15.1/plugins/com.st.stm32cube.ide.mcu.externaltools.gnu-tools-for-stm32.12.3.rel1.linux64_1.0.100.202403111256/tools/bin/../lib/gcc/arm-none-eabi/12.3.1/../../../../arm-none-eabi/bin/ld: /opt/st/stm32cubeide_1.15.1/plugins/com.st.stm32cube.ide.mcu.externaltools.gnu-tools-for-stm32.12.3.rel1.linux64_1.0.100.202403111256/tools/bin/../lib/gcc/arm-none-eabi/12.3.1/../../../../arm-none-eabi/lib/thumb/v7e-m+dp/hard/libc_nano.a(libc_a-gettimeofdayr.o): in function `_gettimeofday_r':
(.text._gettimeofday_r+0xe): warning: _gettimeofday is not implemented and will always fail
Finished building target: nucleo-H753ZI_TemplateAutoware_Serial.elf
 
arm-none-eabi-size  nucleo-H753ZI_TemplateAutoware_Serial.elf 
arm-none-eabi-objdump -h -S nucleo-H753ZI_TemplateAutoware_Serial.elf  > "nucleo-H753ZI_TemplateAutoware_Serial.list"
   text	   data	    bss	    dec	    hex	filename
 155008	   4876	 428512	 588396	  8fa6c	nucleo-H753ZI_TemplateAutoware_Serial.elf
Finished building: default.size.stdout
 
Finished building: nucleo-H753ZI_TemplateAutoware_Serial.list
 

13:52:42 Build Finished. 0 errors, 34 warnings. (took 6s.225ms)

