10:35:35 **** Incremental Build of configuration Debug for project nucleo-H753ZI_microAutoware_Latency ****
make -j48 all 
docker pull microros/micro_ros_static_library_builder:humble && docker run --rm -v /home/toffanetto/microAutoware/ros2_ws/src/microAutoware-Latency-Evaluator/ws/nucleo-H753ZI_microAutoware_Latency:/project --env MICROROS_LIBRARY_FOLDER=microautoware_vehicle_inferface_stm32/microros_static_library_ide microros/micro_ros_static_library_builder:humble
humble: Pulling from microros/micro_ros_static_library_builder
Digest: sha256:83ab4e8ce95b2a62feb5dd270ad4460218d2d026a455ea32a5873cf629aa1e99
Status: Image is up to date for microros/micro_ros_static_library_builder:humble
docker.io/microros/micro_ros_static_library_builder:humble
dos2unix: converting file /project/microautoware_vehicle_inferface_stm32/microros_static_library_ide/library_generation/library_generation.sh to Unix format...
micro-ROS library found. Skipping...
Delete microautoware_vehicle_inferface_stm32/microros_static_library_ide/libmicroautoware/ for rebuild.
 
arm-none-eabi-gcc "../Core/Src/microAutoware.c" -mcpu=cortex-m7 -std=gnu11 -g3 -DDEBUG -DUSE_HAL_DRIVER -DSTM32H753xx -c -I../Core/Inc -I../microautoware_vehicle_inferface_stm32/microros_static_library_ide/libmicroautoware/include -I../Drivers/STM32H7xx_HAL_Driver/Inc -I../Drivers/STM32H7xx_HAL_Driver/Inc/Legacy -I../Drivers/CMSIS/Device/ST/STM32H7xx/Include -I../Drivers/CMSIS/Include -I../Middlewares/Third_Party/FreeRTOS/Source/include -I../Middlewares/Third_Party/FreeRTOS/Source/CMSIS_RTOS_V2 -I../Middlewares/Third_Party/FreeRTOS/Source/portable/GCC/ARM_CM4F -O0 -ffunction-sections -fdata-sections -Wall -fstack-usage -fcyclomatic-complexity -MMD -MP -MF"Core/Src/microAutoware.d" -MT"Core/Src/microAutoware.o" --specs=nano.specs -mfpu=fpv5-d16 -mfloat-abi=hard -mthumb -o "Core/Src/microAutoware.o"
../Core/Src/microAutoware.c: In function 'StartMicroAutoware':
../Core/Src/microAutoware.c:289:120: warning: passing argument 5 of 'rclc_executor_add_service' from incompatible pointer type [-Wincompatible-pointer-types]
  289 |   rclc_executor_add_service(&executor, &control_mode_server_, &control_mode_request_msg_, &control_mode_response_msg_, control_mode_cmd_callback);
      |                                                                                                                        ^~~~~~~~~~~~~~~~~~~~~~~~~
      |                                                                                                                        |
      |                                                                                                                        void (*)(const void *, autoware_auto_vehicle_msgs__srv__ControlModeCommand_Response *)
In file included from ../Core/Inc/microAutoware.h:24,
                 from ../Core/Src/microAutoware.c:14:
../microautoware_vehicle_inferface_stm32/microros_static_library_ide/libmicroautoware/include/rclc/executor.h:401:27: note: expected 'rclc_service_callback_t' {aka 'void (*)(const void *, void *)'} but argument is of type 'void (*)(const void *, autoware_auto_vehicle_msgs__srv__ControlModeCommand_Response *)'
  401 |   rclc_service_callback_t callback);
      |   ~~~~~~~~~~~~~~~~~~~~~~~~^~~~~~~~
../Core/Src/microAutoware.c:302:13: warning: unused variable 'xPingResult' [-Wunused-variable]
  302 |   rmw_ret_t xPingResult = rmw_uros_ping_agent(1000, 20);
      |             ^~~~~~~~~~~
../Core/Src/microAutoware.c:161:19: warning: variable 'freeRTOS_allocator' set but not used [-Wunused-but-set-variable]
  161 |   rcl_allocator_t freeRTOS_allocator = rcutils_get_zero_initialized_allocator();
      |                   ^~~~~~~~~~~~~~~~~~
../Core/Src/microAutoware.c:130:56: warning: unused variable 'steering_wheel_status_msg_' [-Wunused-variable]
  130 |   tier4_vehicle_msgs__msg__SteeringWheelStatusStamped  steering_wheel_status_msg_;
      |                                                        ^~~~~~~~~~~~~~~~~~~~~~~~~~
../Core/Src/microAutoware.c:129:52: warning: unused variable 'actuation_status_msg_' [-Wunused-variable]
  129 |   tier4_vehicle_msgs__msg__ActuationStatusStamped  actuation_status_msg_;
      |                                                    ^~~~~~~~~~~~~~~~~~~~~
../Core/Src/microAutoware.c:128:55: warning: unused variable 'hazard_lights_status_msg_' [-Wunused-variable]
  128 |   autoware_auto_vehicle_msgs__msg__HazardLightsReport hazard_lights_status_msg_;
      |                                                       ^~~~~~~~~~~~~~~~~~~~~~~~~
../Core/Src/microAutoware.c:127:57: warning: unused variable 'turn_indicators_status_msg_' [-Wunused-variable]
  127 |   autoware_auto_vehicle_msgs__msg__TurnIndicatorsReport turn_indicators_status_msg_;
      |                                                         ^~~~~~~~~~~~~~~~~~~~~~~~~~~
../Core/Src/microAutoware.c:125:47: warning: unused variable 'gear_status_msg_' [-Wunused-variable]
  125 |   autoware_auto_vehicle_msgs__msg__GearReport gear_status_msg_;
      |                                               ^~~~~~~~~~~~~~~~
../Core/Src/microAutoware.c:124:51: warning: unused variable 'steering_status_msg_' [-Wunused-variable]
  124 |   autoware_auto_vehicle_msgs__msg__SteeringReport steering_status_msg_;
      |                                                   ^~~~~~~~~~~~~~~~~~~~
../Core/Src/microAutoware.c:122:54: warning: unused variable 'control_mode_msg_' [-Wunused-variable]
  122 |   autoware_auto_vehicle_msgs__msg__ControlModeReport control_mode_msg_;
      |                                                      ^~~~~~~~~~~~~~~~~
../Core/Src/microAutoware.c:117:52: warning: unused variable 'emergency_msg_' [-Wunused-variable]
  117 |   tier4_vehicle_msgs__msg__VehicleEmergencyStamped emergency_msg_;
      |                                                    ^~~~~~~~~~~~~~
../Core/Src/microAutoware.c:116:52: warning: unused variable 'actuation_cmd_msg_' [-Wunused-variable]
  116 |   tier4_vehicle_msgs__msg__ActuationCommandStamped actuation_cmd_msg_;
      |                                                    ^~~~~~~~~~~~~~~~~~
../Core/Src/microAutoware.c:115:56: warning: unused variable 'hazard_lights_cmd_msg_' [-Wunused-variable]
  115 |   autoware_auto_vehicle_msgs__msg__HazardLightsCommand hazard_lights_cmd_msg_;
      |                                                        ^~~~~~~~~~~~~~~~~~~~~~
../Core/Src/microAutoware.c:114:58: warning: unused variable 'turn_indicators_cmd_msg_' [-Wunused-variable]
  114 |   autoware_auto_vehicle_msgs__msg__TurnIndicatorsCommand turn_indicators_cmd_msg_;
      |                                                          ^~~~~~~~~~~~~~~~~~~~~~~~
../Core/Src/microAutoware.c:112:48: warning: unused variable 'gear_cmd_msg_' [-Wunused-variable]
  112 |   autoware_auto_vehicle_msgs__msg__GearCommand gear_cmd_msg_;
      |                                                ^~~~~~~~~~~~~
../Core/Src/microAutoware.c:73:17: warning: unused variable 'ucControlMode' [-Wunused-variable]
   73 |   unsigned char ucControlMode = AUTOWARE;
      |                 ^~~~~~~~~~~~~
../Core/Src/microAutoware.c:67:16: warning: unused variable 'uiFlags' [-Wunused-variable]
   67 |   unsigned int uiFlags;
      |                ^~~~~~~
../Core/Src/microAutoware.c:335:5: warning: ignoring return value of 'rcl_publish' declared with attribute 'warn_unused_result' [-Wunused-result]
  335 |     rcl_publish(&vehicle_twist_pub_, &vehicle_twist_msg_, NULL);
      |     ^~~~~~~~~~~~~~~~~~~~~~~~~~~~~~~~~~~~~~~~~~~~~~~~~~~~~~~~~~~
../Core/Src/microAutoware.c:446:3: warning: ignoring return value of 'rcl_timer_fini' declared with attribute 'warn_unused_result' [-Wunused-result]
  446 |   rcl_timer_fini(&timer_watchdog_agent);
      |   ^~~~~~~~~~~~~~~~~~~~~~~~~~~~~~~~~~~~~
../Core/Src/microAutoware.c:447:3: warning: ignoring return value of 'rcl_publisher_fini' declared with attribute 'warn_unused_result' [-Wunused-result]
  447 |   rcl_publisher_fini(&control_mode_pub_, &VehicleInterfaceNode);
      |   ^~~~~~~~~~~~~~~~~~~~~~~~~~~~~~~~~~~~~~~~~~~~~~~~~~~~~~~~~~~~~
../Core/Src/microAutoware.c:448:3: warning: ignoring return value of 'rcl_publisher_fini' declared with attribute 'warn_unused_result' [-Wunused-result]
  448 |   rcl_publisher_fini(&vehicle_twist_pub_, &VehicleInterfaceNode);
      |   ^~~~~~~~~~~~~~~~~~~~~~~~~~~~~~~~~~~~~~~~~~~~~~~~~~~~~~~~~~~~~~
../Core/Src/microAutoware.c:449:3: warning: ignoring return value of 'rcl_publisher_fini' declared with attribute 'warn_unused_result' [-Wunused-result]
  449 |   rcl_publisher_fini(&steering_status_pub_, &VehicleInterfaceNode);
      |   ^~~~~~~~~~~~~~~~~~~~~~~~~~~~~~~~~~~~~~~~~~~~~~~~~~~~~~~~~~~~~~~~
../Core/Src/microAutoware.c:450:3: warning: ignoring return value of 'rcl_publisher_fini' declared with attribute 'warn_unused_result' [-Wunused-result]
  450 |   rcl_publisher_fini(&gear_status_pub_, &VehicleInterfaceNode);
      |   ^~~~~~~~~~~~~~~~~~~~~~~~~~~~~~~~~~~~~~~~~~~~~~~~~~~~~~~~~~~~
../Core/Src/microAutoware.c:451:3: warning: ignoring return value of 'rcl_publisher_fini' declared with attribute 'warn_unused_result' [-Wunused-result]
  451 |   rcl_publisher_fini(&turn_indicators_status_pub_, &VehicleInterfaceNode);
      |   ^~~~~~~~~~~~~~~~~~~~~~~~~~~~~~~~~~~~~~~~~~~~~~~~~~~~~~~~~~~~~~~~~~~~~~~
../Core/Src/microAutoware.c:452:3: warning: ignoring return value of 'rcl_publisher_fini' declared with attribute 'warn_unused_result' [-Wunused-result]
  452 |   rcl_publisher_fini(&hazard_lights_status_pub_, &VehicleInterfaceNode);
      |   ^~~~~~~~~~~~~~~~~~~~~~~~~~~~~~~~~~~~~~~~~~~~~~~~~~~~~~~~~~~~~~~~~~~~~
../Core/Src/microAutoware.c:453:3: warning: ignoring return value of 'rcl_publisher_fini' declared with attribute 'warn_unused_result' [-Wunused-result]
  453 |   rcl_publisher_fini(&actuation_status_pub_, &VehicleInterfaceNode);
      |   ^~~~~~~~~~~~~~~~~~~~~~~~~~~~~~~~~~~~~~~~~~~~~~~~~~~~~~~~~~~~~~~~~
../Core/Src/microAutoware.c:454:3: warning: ignoring return value of 'rcl_publisher_fini' declared with attribute 'warn_unused_result' [-Wunused-result]
  454 |   rcl_publisher_fini(&steering_wheel_status_pub_, &VehicleInterfaceNode);
      |   ^~~~~~~~~~~~~~~~~~~~~~~~~~~~~~~~~~~~~~~~~~~~~~~~~~~~~~~~~~~~~~~~~~~~~~
../Core/Src/microAutoware.c:455:3: warning: ignoring return value of 'rcl_subscription_fini' declared with attribute 'warn_unused_result' [-Wunused-result]
  455 |   rcl_subscription_fini(&clock_sub_, &VehicleInterfaceNode);
      |   ^~~~~~~~~~~~~~~~~~~~~~~~~~~~~~~~~~~~~~~~~~~~~~~~~~~~~~~~~
../Core/Src/microAutoware.c:456:3: warning: ignoring return value of 'rcl_subscription_fini' declared with attribute 'warn_unused_result' [-Wunused-result]
  456 |   rcl_subscription_fini(&control_cmd_sub_, &VehicleInterfaceNode);
      |   ^~~~~~~~~~~~~~~~~~~~~~~~~~~~~~~~~~~~~~~~~~~~~~~~~~~~~~~~~~~~~~~
../Core/Src/microAutoware.c:457:3: warning: ignoring return value of 'rcl_subscription_fini' declared with attribute 'warn_unused_result' [-Wunused-result]
  457 |   rcl_subscription_fini(&gear_cmd_sub_, &VehicleInterfaceNode);
      |   ^~~~~~~~~~~~~~~~~~~~~~~~~~~~~~~~~~~~~~~~~~~~~~~~~~~~~~~~~~~~
../Core/Src/microAutoware.c:458:3: warning: ignoring return value of 'rcl_subscription_fini' declared with attribute 'warn_unused_result' [-Wunused-result]
  458 |   rcl_subscription_fini(&turn_indicators_cmd_sub_, &VehicleInterfaceNode);
      |   ^~~~~~~~~~~~~~~~~~~~~~~~~~~~~~~~~~~~~~~~~~~~~~~~~~~~~~~~~~~~~~~~~~~~~~~
../Core/Src/microAutoware.c:459:3: warning: ignoring return value of 'rcl_subscription_fini' declared with attribute 'warn_unused_result' [-Wunused-result]
  459 |   rcl_subscription_fini(&hazard_lights_cmd_sub_, &VehicleInterfaceNode);
      |   ^~~~~~~~~~~~~~~~~~~~~~~~~~~~~~~~~~~~~~~~~~~~~~~~~~~~~~~~~~~~~~~~~~~~~
../Core/Src/microAutoware.c:460:3: warning: ignoring return value of 'rcl_subscription_fini' declared with attribute 'warn_unused_result' [-Wunused-result]
  460 |   rcl_subscription_fini(&actuation_cmd_sub_, &VehicleInterfaceNode);
      |   ^~~~~~~~~~~~~~~~~~~~~~~~~~~~~~~~~~~~~~~~~~~~~~~~~~~~~~~~~~~~~~~~~
../Core/Src/microAutoware.c:461:3: warning: ignoring return value of 'rcl_subscription_fini' declared with attribute 'warn_unused_result' [-Wunused-result]
  461 |   rcl_subscription_fini(&emergency_sub_, &VehicleInterfaceNode);
      |   ^~~~~~~~~~~~~~~~~~~~~~~~~~~~~~~~~~~~~~~~~~~~~~~~~~~~~~~~~~~~~
../Core/Src/microAutoware.c:462:3: warning: ignoring return value of 'rcl_service_fini' declared with attribute 'warn_unused_result' [-Wunused-result]
  462 |   rcl_service_fini(&control_mode_server_, &VehicleInterfaceNode);
      |   ^~~~~~~~~~~~~~~~~~~~~~~~~~~~~~~~~~~~~~~~~~~~~~~~~~~~~~~~~~~~~~
arm-none-eabi-gcc -o "nucleo-H753ZI_microAutoware_Latency.elf" @"objects.list"  -lmicroautoware -mcpu=cortex-m7 -T"/home/toffanetto/microAutoware/ros2_ws/src/microAutoware-Latency-Evaluator/ws/nucleo-H753ZI_microAutoware_Latency/STM32H753ZITX_FLASH.ld" --specs=nosys.specs -Wl,-Map="nucleo-H753ZI_microAutoware_Latency.map" -Wl,--gc-sections -static -L../microautoware_vehicle_inferface_stm32/microros_static_library_ide/libmicroautoware --specs=nano.specs -mfpu=fpv5-d16 -mfloat-abi=hard -mthumb -Wl,--start-group -lc -lm -Wl,--end-group
/opt/st/stm32cubeide_1.15.1/plugins/com.st.stm32cube.ide.mcu.externaltools.gnu-tools-for-stm32.12.3.rel1.linux64_1.0.100.202403111256/tools/bin/../lib/gcc/arm-none-eabi/12.3.1/../../../../arm-none-eabi/bin/ld: /opt/st/stm32cubeide_1.15.1/plugins/com.st.stm32cube.ide.mcu.externaltools.gnu-tools-for-stm32.12.3.rel1.linux64_1.0.100.202403111256/tools/bin/../lib/gcc/arm-none-eabi/12.3.1/../../../../arm-none-eabi/lib/thumb/v7e-m+dp/hard/libc_nano.a(libc_a-gettimeofdayr.o): in function `_gettimeofday_r':
(.text._gettimeofday_r+0xe): warning: _gettimeofday is not implemented and will always fail
Finished building target: nucleo-H753ZI_microAutoware_Latency.elf
 
arm-none-eabi-size  nucleo-H753ZI_microAutoware_Latency.elf 
arm-none-eabi-objdump -h -S nucleo-H753ZI_microAutoware_Latency.elf  > "nucleo-H753ZI_microAutoware_Latency.list"
   text	   data	    bss	    dec	    hex	filename
 139484	   4876	 428488	 572848	  8bdb0	nucleo-H753ZI_microAutoware_Latency.elf
Finished building: default.size.stdout
 
Finished building: nucleo-H753ZI_microAutoware_Latency.list
 

10:35:39 Build Finished. 0 errors, 36 warnings. (took 4s.284ms)

